据最新华尔街日报称，美联储将在本月降低利率25个基点。黄金应声大涨突破2380美元/盎司，市场分析师认为牛市并未结束。